// Jest Snapshot v1, https://goo.gl/fbAQLP

exports[`renders correctly if you pass an empty array 1`] = `ShallowWrapper {}`;
